// Jest Snapshot v1, https://goo.gl/fbAQLP

exports[`renders correctly 1`] = `
<View
  style={
    Object {
      "flex": 1,
    }
  }
>
  <View
    onLayout={[Function]}
    style={
      Array [
        Object {
          "backgroundColor": "transparent",
          "flex": 1,
          "position": "relative",
        },
        undefined,
      ]
    }
  >
    <RCTScrollView
      automaticallyAdjustContentInsets={false}
      autoplay={false}
      autoplayDirection={true}
      autoplayTimeout={2.5}
      bounces={false}
      contentContainerStyle={
        Array [
          Object {
            "backgroundColor": "transparent",
          },
          undefined,
        ]
      }
      contentOffset={
        Object {
          "x": 0,
        }
      }
      disableNextButton={false}
      disablePrevButton={false}
      horizontal={true}
      index={0}
      loadMinimal={false}
      loadMinimalSize={1}
      loop={true}
      onIndexChanged={[Function]}
      onMomentumScrollEnd={[Function]}
      onScrollBeginDrag={[Function]}
      onScrollEndDrag={[Function]}
      pagingEnabled={true}
      removeClippedSubviews={true}
      scrollsToTop={false}
      showsButtons={false}
      showsHorizontalScrollIndicator={false}
      showsPagination={true}
      showsVerticalScrollIndicator={false}
    >
      <View>
        <View
          style={
            Array [
              Object {
                "height": 1334,
                "width": 750,
              },
              Object {
                "backgroundColor": "transparent",
              },
            ]
          }
        >
          <View
            style={
              Object {
                "alignItems": "center",
                "flex": 1,
                "justifyContent": "center",
              }
            }
          >
            <Image
              source={1}
              style={
                Object {
                  "height": 1334,
                  "opacity": 0.5,
                  "width": 750,
                }
              }
            />
            <Text
              style={
                Object {
                  "alignItems": "center",
                  "color": "#50055E",
                  "fontSize": 20,
                  "fontWeight": "600",
                  "height": 300,
                  "justifyContent": "center",
                  "lineHeight": 30,
                  "position": "absolute",
                  "textAlign": "center",
                  "top": 150,
                  "width": 300,
                }
              }
            >
              Anyone can create a memento. 
              

               
              

                To get started, click Sign up to create an account and gain access.
            </Text>
          </View>
        </View>
        <View
          style={
            Array [
              Object {
                "height": 1334,
                "width": 750,
              },
              Object {
                "backgroundColor": "transparent",
              },
            ]
          }
        >
          <View
            style={
              Object {
                "alignItems": "center",
                "flex": 1,
                "justifyContent": "center",
              }
            }
          >
            <Image
              source={1}
              style={
                Object {
                  "height": 1334,
                  "opacity": 0.5,
                  "width": 750,
                }
              }
            />
            <Text
              style={
                Object {
                  "alignItems": "center",
                  "color": "#50055E",
                  "fontSize": 20,
                  "fontWeight": "600",
                  "height": 300,
                  "justifyContent": "center",
                  "lineHeight": 30,
                  "position": "absolute",
                  "textAlign": "center",
                  "top": 150,
                  "width": 300,
                }
              }
            >
              memento is a memorial space to collect and view images and videos of a friend or loved one that has passed away...
              

               
              

               swipe through to read how it works  
            </Text>
          </View>
        </View>
        <View
          style={
            Array [
              Object {
                "height": 1334,
                "width": 750,
              },
              Object {
                "backgroundColor": "transparent",
              },
            ]
          }
        >
          <View
            style={
              Object {
                "alignItems": "center",
                "flex": 1,
                "justifyContent": "center",
              }
            }
          >
            <Image
              source={1}
              style={
                Object {
                  "height": 1334,
                  "opacity": 0.5,
                  "width": 750,
                }
              }
            />
            <Text
              style={
                Object {
                  "alignItems": "center",
                  "color": "#50055E",
                  "fontSize": 20,
                  "fontWeight": "600",
                  "height": 300,
                  "justifyContent": "center",
                  "lineHeight": 30,
                  "position": "absolute",
                  "textAlign": "center",
                  "top": 150,
                  "width": 300,
                }
              }
            >
              Create a memento to preserve the memory of someone special. 
              

               
              

               Then invite their friends and relatives to view and contribute images and videos of that person...
            </Text>
          </View>
        </View>
        <View
          style={
            Array [
              Object {
                "height": 1334,
                "width": 750,
              },
              Object {
                "backgroundColor": "transparent",
              },
            ]
          }
        >
          <View
            style={
              Object {
                "alignItems": "center",
                "flex": 1,
                "justifyContent": "center",
              }
            }
          >
            <Image
              source={1}
              style={
                Object {
                  "height": 1334,
                  "opacity": 0.5,
                  "width": 750,
                }
              }
            />
            <Text
              style={
                Object {
                  "alignItems": "center",
                  "color": "#50055E",
                  "fontSize": 20,
                  "fontWeight": "600",
                  "height": 300,
                  "justifyContent": "center",
                  "lineHeight": 30,
                  "position": "absolute",
                  "textAlign": "center",
                  "top": 150,
                  "width": 300,
                }
              }
            >
              The memento creator has control over who can contribute and view the memento. 
              

               
              

               Contributers can view all the images and videos in the person's memento whenever they miss that person...
            </Text>
          </View>
        </View>
        <View
          style={
            Array [
              Object {
                "height": 1334,
                "width": 750,
              },
              Object {
                "backgroundColor": "transparent",
              },
            ]
          }
        >
          <View
            style={
              Object {
                "alignItems": "center",
                "flex": 1,
                "justifyContent": "center",
              }
            }
          >
            <Image
              source={1}
              style={
                Object {
                  "height": 1334,
                  "opacity": 0.5,
                  "width": 750,
                }
              }
            />
            <Text
              style={
                Object {
                  "alignItems": "center",
                  "color": "#50055E",
                  "fontSize": 20,
                  "fontWeight": "600",
                  "height": 300,
                  "justifyContent": "center",
                  "lineHeight": 30,
                  "position": "absolute",
                  "textAlign": "center",
                  "top": 150,
                  "width": 300,
                }
              }
            >
              Anyone can create a memento. 
              

               
              

                To get started, click Sign up to create an account and gain access.
            </Text>
          </View>
        </View>
        <View
          style={
            Array [
              Object {
                "height": 1334,
                "width": 750,
              },
              Object {
                "backgroundColor": "transparent",
              },
            ]
          }
        >
          <View
            style={
              Object {
                "alignItems": "center",
                "flex": 1,
                "justifyContent": "center",
              }
            }
          >
            <Image
              source={1}
              style={
                Object {
                  "height": 1334,
                  "opacity": 0.5,
                  "width": 750,
                }
              }
            />
            <Text
              style={
                Object {
                  "alignItems": "center",
                  "color": "#50055E",
                  "fontSize": 20,
                  "fontWeight": "600",
                  "height": 300,
                  "justifyContent": "center",
                  "lineHeight": 30,
                  "position": "absolute",
                  "textAlign": "center",
                  "top": 150,
                  "width": 300,
                }
              }
            >
              memento is a memorial space to collect and view images and videos of a friend or loved one that has passed away...
              

               
              

               swipe through to read how it works  
            </Text>
          </View>
        </View>
      </View>
    </RCTScrollView>
    <View
      pointerEvents="none"
      style={
        Array [
          Object {
            "alignItems": "center",
            "backgroundColor": "transparent",
            "bottom": 25,
            "flex": 1,
            "flexDirection": "row",
            "justifyContent": "center",
            "left": 0,
            "position": "absolute",
            "right": 0,
          },
          undefined,
        ]
      }
    >
      <View
        style={
          Array [
            Object {
              "backgroundColor": "#007aff",
              "borderRadius": 4,
              "height": 8,
              "marginBottom": 3,
              "marginLeft": 3,
              "marginRight": 3,
              "marginTop": 3,
              "width": 8,
            },
            undefined,
          ]
        }
      />
      <View
        style={
          Array [
            Object {
              "backgroundColor": "rgba(0,0,0,.2)",
              "borderRadius": 4,
              "height": 8,
              "marginBottom": 3,
              "marginLeft": 3,
              "marginRight": 3,
              "marginTop": 3,
              "width": 8,
            },
            undefined,
          ]
        }
      />
      <View
        style={
          Array [
            Object {
              "backgroundColor": "rgba(0,0,0,.2)",
              "borderRadius": 4,
              "height": 8,
              "marginBottom": 3,
              "marginLeft": 3,
              "marginRight": 3,
              "marginTop": 3,
              "width": 8,
            },
            undefined,
          ]
        }
      />
      <View
        style={
          Array [
            Object {
              "backgroundColor": "rgba(0,0,0,.2)",
              "borderRadius": 4,
              "height": 8,
              "marginBottom": 3,
              "marginLeft": 3,
              "marginRight": 3,
              "marginTop": 3,
              "width": 8,
            },
            undefined,
          ]
        }
      />
    </View>
  </View>
  <View
    style={
      Object {
        "alignItems": "center",
        "height": 120,
        "justifyContent": "center",
        "position": "absolute",
        "top": 1,
        "width": 750,
      }
    }
  >
    <View
      style={
        Object {
          "alignItems": "center",
          "flexDirection": "row",
          "height": 90,
          "justifyContent": "center",
          "padding": 10,
        }
      }
    >
      <Image
        source={1}
        style={
          Object {
            "height": 60,
            "width": 60,
          }
        }
      />
      <Text
        style={
          Object {
            "color": "#50055E",
            "fontSize": 60,
          }
        }
      >
        memento
      </Text>
    </View>
  </View>
  <View
    style={
      Object {
        "alignItems": "center",
        "bottom": 70,
        "flexDirection": "row",
        "height": 60,
        "justifyContent": "space-around",
        "position": "absolute",
        "width": 750,
      }
    }
  >
    <View
      accessible={true}
      focusable={true}
      onClick={[Function]}
      onResponderGrant={[Function]}
      onResponderMove={[Function]}
      onResponderRelease={[Function]}
      onResponderTerminate={[Function]}
      onResponderTerminationRequest={[Function]}
      onStartShouldSetResponder={[Function]}
      style={
        Object {
          "opacity": 1,
        }
      }
    >
      <View
        style={
          Object {
            "alignItems": "center",
            "backgroundColor": "#50055E",
            "borderRadius": 10,
            "height": 60,
            "justifyContent": "center",
            "width": 150,
          }
        }
      >
        <Text
          style={
            Object {
              "color": "white",
              "fontSize": 20,
              "fontWeight": "500",
            }
          }
        >
          Sign up
        </Text>
      </View>
    </View>
    <View
      accessible={true}
      focusable={true}
      onClick={[Function]}
      onResponderGrant={[Function]}
      onResponderMove={[Function]}
      onResponderRelease={[Function]}
      onResponderTerminate={[Function]}
      onResponderTerminationRequest={[Function]}
      onStartShouldSetResponder={[Function]}
      style={
        Object {
          "opacity": 1,
        }
      }
    >
      <View
        style={
          Object {
            "alignItems": "center",
            "borderColor": "#50055E",
            "borderRadius": 10,
            "borderWidth": 2,
            "height": 60,
            "justifyContent": "center",
            "width": 150,
          }
        }
      >
        <Text
          style={
            Object {
              "color": "#50055E",
              "fontSize": 20,
              "fontWeight": "500",
            }
          }
        >
          Log in
        </Text>
      </View>
    </View>
  </View>
</View>
`;

exports[`renders correctly: Onboarding-test.sj.snap 1`] = `
<View
  style={
    Object {
      "flex": 1,
    }
  }
>
  <View
    onLayout={[Function]}
    style={
      Array [
        Object {
          "backgroundColor": "transparent",
          "flex": 1,
          "position": "relative",
        },
        undefined,
      ]
    }
  >
    <RCTScrollView
      automaticallyAdjustContentInsets={false}
      autoplay={false}
      autoplayDirection={true}
      autoplayTimeout={2.5}
      bounces={false}
      contentContainerStyle={
        Array [
          Object {
            "backgroundColor": "transparent",
          },
          undefined,
        ]
      }
      contentOffset={
        Object {
          "x": 0,
        }
      }
      disableNextButton={false}
      disablePrevButton={false}
      horizontal={true}
      index={0}
      loadMinimal={false}
      loadMinimalSize={1}
      loop={true}
      onIndexChanged={[Function]}
      onMomentumScrollEnd={[Function]}
      onScrollBeginDrag={[Function]}
      onScrollEndDrag={[Function]}
      pagingEnabled={true}
      removeClippedSubviews={true}
      scrollsToTop={false}
      showsButtons={false}
      showsHorizontalScrollIndicator={false}
      showsPagination={true}
      showsVerticalScrollIndicator={false}
    >
      <View>
        <View
          style={
            Array [
              Object {
                "height": 1334,
                "width": 750,
              },
              Object {
                "backgroundColor": "transparent",
              },
            ]
          }
        >
          <View
            style={
              Object {
                "alignItems": "center",
                "flex": 1,
                "justifyContent": "center",
              }
            }
          >
            <Image
              source={1}
              style={
                Object {
                  "height": 1334,
                  "opacity": 0.5,
                  "width": 750,
                }
              }
            />
            <Text
              style={
                Object {
                  "alignItems": "center",
                  "color": "#50055E",
                  "fontSize": 20,
                  "fontWeight": "600",
                  "height": 300,
                  "justifyContent": "center",
                  "lineHeight": 30,
                  "position": "absolute",
                  "textAlign": "center",
                  "top": 150,
                  "width": 300,
                }
              }
            >
              Anyone can create a memento. 
              

               
              

                To get started, click Sign up to create an account and gain access.
            </Text>
          </View>
        </View>
        <View
          style={
            Array [
              Object {
                "height": 1334,
                "width": 750,
              },
              Object {
                "backgroundColor": "transparent",
              },
            ]
          }
        >
          <View
            style={
              Object {
                "alignItems": "center",
                "flex": 1,
                "justifyContent": "center",
              }
            }
          >
            <Image
              source={1}
              style={
                Object {
                  "height": 1334,
                  "opacity": 0.5,
                  "width": 750,
                }
              }
            />
            <Text
              style={
                Object {
                  "alignItems": "center",
                  "color": "#50055E",
                  "fontSize": 20,
                  "fontWeight": "600",
                  "height": 300,
                  "justifyContent": "center",
                  "lineHeight": 30,
                  "position": "absolute",
                  "textAlign": "center",
                  "top": 150,
                  "width": 300,
                }
              }
            >
              memento is a memorial space to collect and view images and videos of a friend or loved one that has passed away...
              

               
              

               swipe through to read how it works  
            </Text>
          </View>
        </View>
        <View
          style={
            Array [
              Object {
                "height": 1334,
                "width": 750,
              },
              Object {
                "backgroundColor": "transparent",
              },
            ]
          }
        >
          <View
            style={
              Object {
                "alignItems": "center",
                "flex": 1,
                "justifyContent": "center",
              }
            }
          >
            <Image
              source={1}
              style={
                Object {
                  "height": 1334,
                  "opacity": 0.5,
                  "width": 750,
                }
              }
            />
            <Text
              style={
                Object {
                  "alignItems": "center",
                  "color": "#50055E",
                  "fontSize": 20,
                  "fontWeight": "600",
                  "height": 300,
                  "justifyContent": "center",
                  "lineHeight": 30,
                  "position": "absolute",
                  "textAlign": "center",
                  "top": 150,
                  "width": 300,
                }
              }
            >
              Create a memento to preserve the memory of someone special. 
              

               
              

               Then invite their friends and relatives to view and contribute images and videos of that person...
            </Text>
          </View>
        </View>
        <View
          style={
            Array [
              Object {
                "height": 1334,
                "width": 750,
              },
              Object {
                "backgroundColor": "transparent",
              },
            ]
          }
        >
          <View
            style={
              Object {
                "alignItems": "center",
                "flex": 1,
                "justifyContent": "center",
              }
            }
          >
            <Image
              source={1}
              style={
                Object {
                  "height": 1334,
                  "opacity": 0.5,
                  "width": 750,
                }
              }
            />
            <Text
              style={
                Object {
                  "alignItems": "center",
                  "color": "#50055E",
                  "fontSize": 20,
                  "fontWeight": "600",
                  "height": 300,
                  "justifyContent": "center",
                  "lineHeight": 30,
                  "position": "absolute",
                  "textAlign": "center",
                  "top": 150,
                  "width": 300,
                }
              }
            >
              The memento creator has control over who can contribute and view the memento. 
              

               
              

               Contributers can view all the images and videos in the person's memento whenever they miss that person...
            </Text>
          </View>
        </View>
        <View
          style={
            Array [
              Object {
                "height": 1334,
                "width": 750,
              },
              Object {
                "backgroundColor": "transparent",
              },
            ]
          }
        >
          <View
            style={
              Object {
                "alignItems": "center",
                "flex": 1,
                "justifyContent": "center",
              }
            }
          >
            <Image
              source={1}
              style={
                Object {
                  "height": 1334,
                  "opacity": 0.5,
                  "width": 750,
                }
              }
            />
            <Text
              style={
                Object {
                  "alignItems": "center",
                  "color": "#50055E",
                  "fontSize": 20,
                  "fontWeight": "600",
                  "height": 300,
                  "justifyContent": "center",
                  "lineHeight": 30,
                  "position": "absolute",
                  "textAlign": "center",
                  "top": 150,
                  "width": 300,
                }
              }
            >
              Anyone can create a memento. 
              

               
              

                To get started, click Sign up to create an account and gain access.
            </Text>
          </View>
        </View>
        <View
          style={
            Array [
              Object {
                "height": 1334,
                "width": 750,
              },
              Object {
                "backgroundColor": "transparent",
              },
            ]
          }
        >
          <View
            style={
              Object {
                "alignItems": "center",
                "flex": 1,
                "justifyContent": "center",
              }
            }
          >
            <Image
              source={1}
              style={
                Object {
                  "height": 1334,
                  "opacity": 0.5,
                  "width": 750,
                }
              }
            />
            <Text
              style={
                Object {
                  "alignItems": "center",
                  "color": "#50055E",
                  "fontSize": 20,
                  "fontWeight": "600",
                  "height": 300,
                  "justifyContent": "center",
                  "lineHeight": 30,
                  "position": "absolute",
                  "textAlign": "center",
                  "top": 150,
                  "width": 300,
                }
              }
            >
              memento is a memorial space to collect and view images and videos of a friend or loved one that has passed away...
              

               
              

               swipe through to read how it works  
            </Text>
          </View>
        </View>
      </View>
    </RCTScrollView>
    <View
      pointerEvents="none"
      style={
        Array [
          Object {
            "alignItems": "center",
            "backgroundColor": "transparent",
            "bottom": 25,
            "flex": 1,
            "flexDirection": "row",
            "justifyContent": "center",
            "left": 0,
            "position": "absolute",
            "right": 0,
          },
          undefined,
        ]
      }
    >
      <View
        style={
          Array [
            Object {
              "backgroundColor": "#007aff",
              "borderRadius": 4,
              "height": 8,
              "marginBottom": 3,
              "marginLeft": 3,
              "marginRight": 3,
              "marginTop": 3,
              "width": 8,
            },
            undefined,
          ]
        }
      />
      <View
        style={
          Array [
            Object {
              "backgroundColor": "rgba(0,0,0,.2)",
              "borderRadius": 4,
              "height": 8,
              "marginBottom": 3,
              "marginLeft": 3,
              "marginRight": 3,
              "marginTop": 3,
              "width": 8,
            },
            undefined,
          ]
        }
      />
      <View
        style={
          Array [
            Object {
              "backgroundColor": "rgba(0,0,0,.2)",
              "borderRadius": 4,
              "height": 8,
              "marginBottom": 3,
              "marginLeft": 3,
              "marginRight": 3,
              "marginTop": 3,
              "width": 8,
            },
            undefined,
          ]
        }
      />
      <View
        style={
          Array [
            Object {
              "backgroundColor": "rgba(0,0,0,.2)",
              "borderRadius": 4,
              "height": 8,
              "marginBottom": 3,
              "marginLeft": 3,
              "marginRight": 3,
              "marginTop": 3,
              "width": 8,
            },
            undefined,
          ]
        }
      />
    </View>
  </View>
  <View
    style={
      Object {
        "alignItems": "center",
        "height": 120,
        "justifyContent": "center",
        "position": "absolute",
        "top": 1,
        "width": 750,
      }
    }
  >
    <View
      style={
        Object {
          "alignItems": "center",
          "flexDirection": "row",
          "height": 90,
          "justifyContent": "center",
          "padding": 10,
        }
      }
    >
      <Image
        source={1}
        style={
          Object {
            "height": 60,
            "width": 60,
          }
        }
      />
      <Text
        style={
          Object {
            "color": "#50055E",
            "fontSize": 60,
          }
        }
      >
        memento
      </Text>
    </View>
  </View>
  <View
    style={
      Object {
        "alignItems": "center",
        "bottom": 70,
        "flexDirection": "row",
        "height": 60,
        "justifyContent": "space-around",
        "position": "absolute",
        "width": 750,
      }
    }
  >
    <View
      accessible={true}
      focusable={true}
      onClick={[Function]}
      onResponderGrant={[Function]}
      onResponderMove={[Function]}
      onResponderRelease={[Function]}
      onResponderTerminate={[Function]}
      onResponderTerminationRequest={[Function]}
      onStartShouldSetResponder={[Function]}
      style={
        Object {
          "opacity": 1,
        }
      }
    >
      <View
        style={
          Object {
            "alignItems": "center",
            "backgroundColor": "#50055E",
            "borderRadius": 10,
            "height": 60,
            "justifyContent": "center",
            "width": 150,
          }
        }
      >
        <Text
          style={
            Object {
              "color": "white",
              "fontSize": 20,
              "fontWeight": "500",
            }
          }
        >
          Sign up
        </Text>
      </View>
    </View>
    <View
      accessible={true}
      focusable={true}
      onClick={[Function]}
      onResponderGrant={[Function]}
      onResponderMove={[Function]}
      onResponderRelease={[Function]}
      onResponderTerminate={[Function]}
      onResponderTerminationRequest={[Function]}
      onStartShouldSetResponder={[Function]}
      style={
        Object {
          "opacity": 1,
        }
      }
    >
      <View
        style={
          Object {
            "alignItems": "center",
            "borderColor": "#50055E",
            "borderRadius": 10,
            "borderWidth": 2,
            "height": 60,
            "justifyContent": "center",
            "width": 150,
          }
        }
      >
        <Text
          style={
            Object {
              "color": "#50055E",
              "fontSize": 20,
              "fontWeight": "500",
            }
          }
        >
          Log in
        </Text>
      </View>
    </View>
  </View>
</View>
`;
